2026-05-21 23:46:48 | INFO     | pytest | Starting browser: edge
2026-05-21 23:46:49 | INFO     | HomePage | Opening URL: https://www.99acres.com/
2026-05-21 23:46:49 | INFO     | HomePage | Opening URL: https://www.99acres.com/
2026-05-21 23:46:52 | INFO     | HomePage | Page loaded completely: https://www.99acres.com/
2026-05-21 23:46:52 | INFO     | HomePage | Page opened successfully: https://www.99acres.com/
2026-05-21 23:46:52 | INFO     | HomePage | Checking cookie confirmation popup
2026-05-21 23:46:56 | INFO     | HomePage | Clicked available locator: ('xpath', "//button[normalize-space()='Okay' or normalize-space()='OK']")
2026-05-21 23:46:56 | INFO     | HomePage | Cookie confirmation accepted
2026-05-21 23:46:56 | INFO     | HomePage | Page loaded completely: https://www.99acres.com/
2026-05-21 23:46:56 | INFO     | property | Screenshot captured: C:\Capstone_99acres\newproject\screenshots\01_homepage_loaded_20260521_234656.png
2026-05-21 23:46:56 | INFO     | HomePage | Opening Commercial tab
2026-05-21 23:46:56 | INFO     | HomePage | Trying Commercial tab locator: ('xpath', "//div[contains(text(),'Commercial')]")
2026-05-21 23:46:56 | INFO     | HomePage | Commercial tab found using locator: ('xpath', "//div[contains(text(),'Commercial')]")
2026-05-21 23:46:56 | INFO     | HomePage | Scrolled to Commercial tab
2026-05-21 23:46:56 | INFO     | HomePage | Commercial tab opened successfully
2026-05-21 23:46:56 | INFO     | property | Screenshot captured: C:\Capstone_99acres\newproject\screenshots\02_commercial_tab_opened_20260521_234656.png
2026-05-21 23:46:56 | INFO     | CommercialPage | Searching commercial property for location: Noida
2026-05-21 23:46:57 | INFO     | CommercialPage | Commercial search input found
2026-05-21 23:46:57 | INFO     | CommercialPage | Cleared commercial search input
2026-05-21 23:46:57 | INFO     | CommercialPage | Entered location: Noida
2026-05-21 23:46:58 | INFO     | CommercialPage | Pressed Enter to trigger commercial search
2026-05-21 23:46:58 | INFO     | CommercialPage | Commercial search results page loaded
2026-05-21 23:47:03 | INFO     | property | Screenshot captured: C:\Capstone_99acres\newproject\screenshots\03_commercial_search_results_20260521_234658.png
2026-05-21 23:47:03 | INFO     | CommercialPage | Waiting for commercial results to load
2026-05-21 23:47:03 | INFO     | CommercialPage | Checking result locator: ('xpath', "//*[contains(@class,'srpTuple')]")
2026-05-21 23:47:04 | INFO     | CommercialPage | Commercial results loaded using locator: ('xpath', "//*[contains(@class,'srpTuple')]")
2026-05-21 23:47:04 | INFO     | PropertyPage | PropertyPage initialized
2026-05-21 23:47:04 | INFO     | PropertyPage | Trying to open fixed property: Ivory County
2026-05-21 23:47:04 | INFO     | PropertyPage | Finding property link attempt: 1
2026-05-21 23:47:04 | INFO     | PropertyPage | Property URL found: https://www.99acres.com/ivory-county-sector-115-noida-npxid-r400436
2026-05-21 23:47:05 | INFO     | PropertyPage | Property child page opened successfully
2026-05-21 23:47:05 | INFO     | property | Screenshot captured: C:\Capstone_99acres\newproject\screenshots\04_property_child_page_opened_20260521_234705.png
2026-05-21 23:47:06 | INFO     | PropertyPage | Property page verification result: True
2026-05-21 23:47:06 | INFO     | property | Fixed property child page opened successfully
2026-05-21 23:47:36 | INFO     | PropertyPage | PropertyPage initialized
2026-05-21 23:47:36 | INFO     | PropertyPage | Opening Ivory County property page
2026-05-21 23:47:37 | INFO     | PropertyPage | Ivory County page loaded successfully
2026-05-21 23:47:37 | INFO     | PropertyPage | Checking disclaimer popup
2026-05-21 23:47:44 | INFO     | PropertyPage | Disclaimer popup was not shown
2026-05-21 23:47:44 | INFO     | property | Screenshot captured: C:\Capstone_99acres\newproject\screenshots\01_ivory_county_page_loaded_20260521_234744.png
2026-05-21 23:47:45 | INFO     | property | Screenshot captured: C:\Capstone_99acres\newproject\screenshots\02_ivory_county_title_visible_20260521_234744.png
2026-05-21 23:47:45 | INFO     | property | Verified text visible: Ivory County
2026-05-21 23:47:45 | INFO     | PropertyPage | PropertyPage initialized
2026-05-21 23:47:45 | INFO     | PropertyPage | Opening Ivory County property page
2026-05-21 23:47:46 | INFO     | PropertyPage | Ivory County page loaded successfully
2026-05-21 23:47:46 | INFO     | PropertyPage | Checking disclaimer popup
2026-05-21 23:47:53 | INFO     | PropertyPage | Disclaimer popup was not shown
2026-05-21 23:47:53 | INFO     | property | Screenshot captured: C:\Capstone_99acres\newproject\screenshots\01_location_page_loaded_20260521_234753.png
2026-05-21 23:47:54 | INFO     | property | Screenshot captured: C:\Capstone_99acres\newproject\screenshots\02_location_visible_20260521_234753.png
2026-05-21 23:47:54 | INFO     | property | Verified locations: Sector 115, Noida
2026-05-21 23:47:54 | INFO     | PropertyPage | PropertyPage initialized
2026-05-21 23:47:54 | INFO     | PropertyPage | Opening Ivory County property page
2026-05-21 23:47:55 | INFO     | PropertyPage | Ivory County page loaded successfully
2026-05-21 23:47:55 | INFO     | PropertyPage | Checking disclaimer popup
2026-05-21 23:48:02 | INFO     | PropertyPage | Disclaimer popup was not shown
2026-05-21 23:48:02 | INFO     | property | Screenshot captured: C:\Capstone_99acres\newproject\screenshots\01_ivory_county_page_opened_20260521_234802.png
2026-05-21 23:48:02 | INFO     | PropertyPage | Trying to click Download Brochure button
2026-05-21 23:48:02 | INFO     | PropertyPage | Clicked on Download Brochure button
2026-05-21 23:48:03 | INFO     | property | Screenshot captured: C:\Capstone_99acres\newproject\screenshots\02_brochure_popup_opened_20260521_234802.png
2026-05-21 23:48:03 | INFO     | PropertyPage | Trying to fill brochure form
2026-05-21 23:48:04 | INFO     | PropertyPage | Verified entered name successfully
2026-05-21 23:48:04 | INFO     | property | Screenshot captured: C:\Capstone_99acres\newproject\screenshots\03_name_entered_in_brochure_form_20260521_234804.png
2026-05-21 23:48:14 | INFO     | property | Name entered successfully: Satyam Gangwar
2026-05-21 23:48:14 | INFO     | pytest | Closing browser after complete test session
