2026-05-19 14:23:49 | INFO     | CommercialPage | Searching commercial property: Mumbai
2026-05-19 14:23:50 | INFO     | CommercialPage | Commercial search triggered
2026-05-19 14:23:50 | INFO     | CommercialPage | Applying commercial filters
2026-05-19 14:23:53 | INFO     | CommercialPage | Verified
2026-05-19 14:23:56 | INFO     | CommercialPage | Budget Min Dropdown
2026-05-19 14:23:59 | INFO     | CommercialPage | Min Budget Selected
2026-05-19 14:24:01 | INFO     | CommercialPage | Budget Max Dropdown
2026-05-19 14:24:09 | INFO     | CommercialPage | Max Budget Selected skipped
2026-05-19 14:24:09 | INFO     | CommercialPage | Apartment Selected
2026-05-19 14:24:11 | INFO     | CommercialPage | Villa Selected
2026-05-19 14:24:19 | INFO     | CommercialPage | 2 BHK Selected skipped
2026-05-19 14:24:24 | INFO     | CommercialPage | 3 BHK Selected skipped
2026-05-19 14:24:24 | INFO     | CommercialPage | Ready To Move Selected
2026-05-19 14:24:26 | INFO     | CommercialPage | Under Construction Selected
2026-05-19 14:24:29 | INFO     | CommercialPage | Owner Selected
2026-05-19 14:24:38 | INFO     | CommercialPage | Central Noida Selected skipped
2026-05-19 14:24:45 | INFO     | CommercialPage | Sector 150 Selected skipped
2026-05-19 14:24:45 | INFO     | CommercialPage | Page loaded completely: https://www.99acres.com/search/property/buy/residential-all/mumbai?city=12&keyword=Mumbai&property_type=C&preference=S&res_com=R
2026-05-19 14:24:45 | INFO     | CommercialPage | Commercial filters completed
2026-05-19 14:24:45 | INFO     | CommercialPage | Waiting for commercial results to load
2026-05-19 14:24:45 | INFO     | CommercialPage | Commercial results loaded successfully
2026-05-19 14:24:45 | INFO     | CommercialPage | Validating location in results: Mumbai
2026-05-19 14:24:52 | INFO     | CommercialPage | Searching commercial property: Delhi
2026-05-19 14:24:52 | INFO     | CommercialPage | Commercial search triggered
2026-05-19 14:24:52 | INFO     | CommercialPage | Applying commercial filters
2026-05-19 14:24:54 | INFO     | CommercialPage | Verified
2026-05-19 14:24:56 | INFO     | CommercialPage | Budget Min Dropdown
2026-05-19 14:24:59 | INFO     | CommercialPage | Min Budget Selected
2026-05-19 14:25:02 | INFO     | CommercialPage | Budget Max Dropdown
2026-05-19 14:25:09 | INFO     | CommercialPage | Max Budget Selected skipped
2026-05-19 14:25:09 | INFO     | CommercialPage | Apartment Selected
2026-05-19 14:25:12 | INFO     | CommercialPage | Villa Selected
2026-05-19 14:25:19 | INFO     | CommercialPage | 2 BHK Selected skipped
2026-05-19 14:25:25 | INFO     | CommercialPage | 3 BHK Selected skipped
2026-05-19 14:25:25 | INFO     | CommercialPage | Ready To Move Selected
2026-05-19 14:25:27 | INFO     | CommercialPage | Under Construction Selected
2026-05-19 14:25:29 | INFO     | CommercialPage | Owner Selected
2026-05-19 14:25:39 | INFO     | CommercialPage | Central Noida Selected skipped
2026-05-19 14:25:46 | INFO     | CommercialPage | Sector 150 Selected skipped
2026-05-19 14:25:46 | INFO     | CommercialPage | Page loaded completely: https://www.99acres.com/search/property/buy/residential-all/delhi?city=1075722&keyword=Delhi&property_type=C&preference=S&res_com=R
2026-05-19 14:25:46 | INFO     | CommercialPage | Commercial filters completed
2026-05-19 14:25:46 | INFO     | CommercialPage | Waiting for commercial results to load
2026-05-19 14:25:46 | INFO     | CommercialPage | Commercial results loaded successfully
2026-05-19 14:25:46 | INFO     | CommercialPage | Validating location in results: Delhi
2026-05-19 14:25:52 | INFO     | CommercialPage | Searching commercial property: Gurgaon
2026-05-19 14:25:53 | INFO     | CommercialPage | Commercial search triggered
2026-05-19 14:25:53 | INFO     | CommercialPage | Applying commercial filters
2026-05-19 14:25:55 | INFO     | CommercialPage | Verified
2026-05-19 14:25:58 | INFO     | CommercialPage | Budget Min Dropdown
2026-05-19 14:26:02 | INFO     | CommercialPage | Min Budget Selected
2026-05-19 14:26:05 | INFO     | CommercialPage | Budget Max Dropdown
2026-05-19 14:26:12 | INFO     | CommercialPage | Max Budget Selected skipped
2026-05-19 14:26:12 | INFO     | CommercialPage | Apartment Selected
2026-05-19 14:26:15 | INFO     | CommercialPage | Villa Selected
2026-05-19 14:26:17 | INFO     | CommercialPage | 2 BHK Selected
2026-05-19 14:26:25 | INFO     | CommercialPage | 3 BHK Selected skipped
2026-05-19 14:26:25 | INFO     | CommercialPage | Ready To Move Selected
2026-05-19 14:26:27 | INFO     | CommercialPage | Under Construction Selected
2026-05-19 14:26:30 | INFO     | CommercialPage | Owner Selected
2026-05-19 14:26:39 | INFO     | CommercialPage | Central Noida Selected skipped
2026-05-19 14:26:46 | INFO     | CommercialPage | Sector 150 Selected skipped
2026-05-19 14:26:46 | INFO     | CommercialPage | Page loaded completely: https://www.99acres.com/search/property/buy/residential-all/gurgaon?city=8&keyword=Gurgaon&property_type=C&preference=S&res_com=R
2026-05-19 14:26:46 | INFO     | CommercialPage | Commercial filters completed
2026-05-19 14:26:46 | INFO     | CommercialPage | Waiting for commercial results to load
2026-05-19 14:26:46 | INFO     | CommercialPage | Commercial results loaded successfully
2026-05-19 14:26:46 | INFO     | CommercialPage | Validating location in results: Gurgaon
