2026-05-19 09:37:58 | INFO     | HomePage | Opening URL: https://www.99acres.com/
2026-05-19 09:38:05 | INFO     | HomePage | Page loaded completely: https://www.99acres.com/
2026-05-19 09:38:08 | INFO     | HomePage | Clicked available locator: ('xpath', "//button[normalize-space()='Okay' or normalize-space()='OK']")
2026-05-19 09:38:08 | INFO     | HomePage | Page loaded completely: https://www.99acres.com/
2026-05-19 09:38:08 | INFO     | HomePage | Commercial tab opened
2026-05-19 09:38:30 | INFO     | HomePage | Opening URL: https://www.99acres.com/
2026-05-19 09:38:32 | INFO     | HomePage | Page loaded completely: https://www.99acres.com/
2026-05-19 09:38:36 | INFO     | HomePage | Cookie confirmation was not shown.
2026-05-19 09:38:36 | INFO     | HomePage | Page loaded completely: https://www.99acres.com/
2026-05-19 09:38:37 | INFO     | HomePage | Hovered on login icon: ('xpath', "//i[contains(@class,'icon_userWhite') and contains(@class,'theader__dot')]")
2026-05-19 09:38:37 | INFO     | HomePage | Clicking element: ('xpath', "//*[contains(text(),'LOGIN / REGISTER') or contains(text(),'Login / Register') or contains(text(),'LOGIN/REGISTER') or contains(text(),'Login/Register')]")
2026-05-19 09:39:48 | INFO     | HomePage | Opening URL: https://www.99acres.com/
2026-05-19 09:39:51 | INFO     | HomePage | Page loaded completely: https://www.99acres.com/
2026-05-19 09:39:57 | INFO     | HomePage | Cookie confirmation was not shown.
2026-05-19 09:39:57 | INFO     | HomePage | Page loaded completely: https://www.99acres.com/
2026-05-19 09:40:01 | INFO     | HomePage | Commercial tab opened
2026-05-19 09:40:30 | INFO     | HomePage | Opening URL: https://www.99acres.com/
2026-05-19 09:40:31 | INFO     | HomePage | Page loaded completely: https://www.99acres.com/
2026-05-19 09:40:36 | INFO     | HomePage | Cookie confirmation was not shown.
2026-05-19 09:40:36 | INFO     | HomePage | Hovered on login icon: ('xpath', "//i[contains(@class,'icon_userWhite') and contains(@class,'theader__dot')]")
2026-05-19 09:40:36 | INFO     | HomePage | Clicking element: ('xpath', "//*[contains(text(),'LOGIN / REGISTER') or contains(text(),'Login / Register') or contains(text(),'LOGIN/REGISTER') or contains(text(),'Login/Register')]")
2026-05-19 09:40:37 | INFO     | HomePage | Opening URL: https://www.99acres.com/
2026-05-19 09:40:39 | INFO     | HomePage | Page loaded completely: https://www.99acres.com/
2026-05-19 09:40:44 | INFO     | HomePage | Cookie confirmation was not shown.
2026-05-19 09:40:45 | INFO     | HomePage | Hovered on login icon: ('xpath', "//i[contains(@class,'icon_userWhite') and contains(@class,'theader__dot')]")
2026-05-19 09:40:45 | INFO     | HomePage | Clicking element: ('xpath', "//*[contains(text(),'LOGIN / REGISTER') or contains(text(),'Login / Register') or contains(text(),'LOGIN/REGISTER') or contains(text(),'Login/Register')]")
2026-05-19 09:42:01 | INFO     | HomePage | Opening URL: https://www.99acres.com/
2026-05-19 09:42:03 | INFO     | HomePage | Page loaded completely: https://www.99acres.com/
2026-05-19 09:42:07 | INFO     | HomePage | Cookie confirmation was not shown.
2026-05-19 09:42:07 | INFO     | HomePage | Opening URL: https://www.99acres.com/
2026-05-19 09:42:09 | INFO     | HomePage | Page loaded completely: https://www.99acres.com/
2026-05-19 09:42:14 | INFO     | HomePage | Cookie confirmation was not shown.
2026-05-19 09:42:14 | INFO     | HomePage | Clicked available locator: ('id', 'searchform_search_btn')
2026-05-19 09:42:17 | INFO     | HomePage | Opening URL: https://www.99acres.com/
2026-05-19 09:42:19 | INFO     | HomePage | Page loaded completely: https://www.99acres.com/
2026-05-19 09:42:23 | INFO     | HomePage | Cookie confirmation was not shown.
2026-05-19 09:42:24 | INFO     | HomePage | Clicked available locator: ('xpath', "//*[@id='suggestions_custom']/li[@title='Mumbai']")
2026-05-19 09:42:25 | INFO     | HomePage | Clicked available locator: ('xpath', '//*[@id="searchform_search_btn"]')
