2026-05-19 09:19:50 | INFO     | HomePage | Opening URL: https://www.99acres.com/
2026-05-19 09:19:52 | INFO     | HomePage | Page loaded completely: https://www.99acres.com/
2026-05-19 09:19:56 | INFO     | HomePage | Clicked available locator: ('xpath', "//button[normalize-space()='Okay' or normalize-space()='OK']")
2026-05-19 09:19:56 | INFO     | HomePage | Page loaded completely: https://www.99acres.com/
2026-05-19 09:19:56 | INFO     | HomePage | Commercial tab opened
2026-05-19 09:20:19 | INFO     | HomePage | Opening URL: https://www.99acres.com/
2026-05-19 09:20:21 | INFO     | HomePage | Page loaded completely: https://www.99acres.com/
2026-05-19 09:20:26 | INFO     | HomePage | Cookie confirmation was not shown.
2026-05-19 09:20:26 | INFO     | HomePage | Page loaded completely: https://www.99acres.com/
2026-05-19 09:20:30 | INFO     | HomePage | Hovered on login icon: ('xpath', "//i[contains(@class,'icon_userWhite') and contains(@class,'theader__dot')]")
2026-05-19 09:20:30 | INFO     | HomePage | Clicking element: ('xpath', "//*[contains(text(),'LOGIN / REGISTER') or contains(text(),'Login / Register') or contains(text(),'LOGIN/REGISTER') or contains(text(),'Login/Register')]")
2026-05-19 09:22:08 | INFO     | HomePage | Opening URL: https://www.99acres.com/
2026-05-19 09:22:14 | INFO     | HomePage | Page loaded completely: https://www.99acres.com/
2026-05-19 09:22:19 | INFO     | HomePage | Cookie confirmation was not shown.
2026-05-19 09:22:19 | INFO     | HomePage | Hovered on login icon: ('xpath', "//i[contains(@class,'icon_userWhite') and contains(@class,'theader__dot')]")
2026-05-19 09:22:19 | INFO     | HomePage | Clicking element: ('xpath', "//*[contains(text(),'LOGIN / REGISTER') or contains(text(),'Login / Register') or contains(text(),'LOGIN/REGISTER') or contains(text(),'Login/Register')]")
2026-05-19 09:22:20 | INFO     | HomePage | Opening URL: https://www.99acres.com/
2026-05-19 09:22:25 | INFO     | HomePage | Page loaded completely: https://www.99acres.com/
2026-05-19 09:22:29 | INFO     | HomePage | Cookie confirmation was not shown.
2026-05-19 09:22:30 | INFO     | HomePage | Hovered on login icon: ('xpath', "//i[contains(@class,'icon_userWhite') and contains(@class,'theader__dot')]")
2026-05-19 09:22:30 | INFO     | HomePage | Clicking element: ('xpath', "//*[contains(text(),'LOGIN / REGISTER') or contains(text(),'Login / Register') or contains(text(),'LOGIN/REGISTER') or contains(text(),'Login/Register')]")
2026-05-19 09:23:45 | INFO     | HomePage | Opening URL: https://www.99acres.com/
2026-05-19 09:23:48 | INFO     | HomePage | Page loaded completely: https://www.99acres.com/
2026-05-19 09:23:53 | INFO     | HomePage | Cookie confirmation was not shown.
2026-05-19 09:23:54 | INFO     | HomePage | Opening URL: https://www.99acres.com/
2026-05-19 09:23:56 | INFO     | HomePage | Page loaded completely: https://www.99acres.com/
2026-05-19 09:24:00 | INFO     | HomePage | Cookie confirmation was not shown.
2026-05-19 09:24:01 | INFO     | HomePage | Clicked available locator: ('id', 'searchform_search_btn')
2026-05-19 09:24:04 | INFO     | HomePage | Opening URL: https://www.99acres.com/
2026-05-19 09:24:05 | INFO     | HomePage | Page loaded completely: https://www.99acres.com/
2026-05-19 09:24:10 | INFO     | HomePage | Cookie confirmation was not shown.
2026-05-19 09:24:14 | INFO     | HomePage | Clicked available locator: ('xpath', "//*[@id='suggestions_custom']/li[@title='Mumbai']")
2026-05-19 09:24:16 | INFO     | HomePage | Clicked available locator: ('xpath', '//*[@id="searchform_search_btn"]')
