2026-05-19 17:50:37 | INFO     | pytest | Starting browser: edge
2026-05-19 17:51:15 | ERROR    | pytest | Test failed. Screenshot saved: C:\Capstone_99acres\newproject\screenshots\tests_test_for_commercial.py_TestCommercial_test_invalid_commercial_url_https_www.99acres.com_search_property_buy_commercial-property-in-_20260519_175114.png
2026-05-19 17:51:22 | ERROR    | pytest | Test failed, but screenshot capture was unavailable: Message: invalid session id; For documentation on this error, please visit: https://www.selenium.dev/documentation/webdriver/troubleshooting/errors#invalidsessionidexception
Stacktrace:
	msedgedriver!GetHandleVerifier [0x7ff62440e295+e0f5]
	msedgedriver!GetHandleVerifier [0x7ff62440e2f4+e154]
	msedgedriver!(No symbol) [0x7ff62413ac4e]
	msedgedriver!(No symbol) [0x7ff624178d05]
	msedgedriver!(No symbol) [0x7ff6241a4022]
	msedgedriver!(No symbol) [0x7ff624132767]
	msedgedriver!(No symbol) [0x7ff6241a06ae]
	msedgedriver!(No symbol) [0x7ff62419ff3c]
	msedgedriver!(No symbol) [0x7ff624112ea5]
	msedgedriver!(No symbol) [0x7ff624242519]
	msedgedriver!(No symbol) [0x7ff62423ec93]
	msedgedriver!(No symbol) [0x7ff62424f182]
	msedgedriver!GetHandleVerifier [0x7ff62442aa68+2a8c8]
	msedgedriver!GetHandleVerifier [0x7ff6244332f6+33156]
	msedgedriver!(No symbol) [0x7ff62411183c]
	msedgedriver!GetHandleVerifier [0x7ff624594368+1941c8]
	KERNEL32!BaseThreadInitThunk [0x7ffe5201e957+17]
	ntdll!RtlUserThreadStart [0x7ffe524a427c+2c]

2026-05-19 17:51:22 | ERROR    | pytest | Current URL attachment was unavailable: Message: invalid session id; For documentation on this error, please visit: https://www.selenium.dev/documentation/webdriver/troubleshooting/errors#invalidsessionidexception
Stacktrace:
	msedgedriver!GetHandleVerifier [0x7ff62440e295+e0f5]
	msedgedriver!GetHandleVerifier [0x7ff62440e2f4+e154]
	msedgedriver!(No symbol) [0x7ff62413ac4e]
	msedgedriver!(No symbol) [0x7ff624178d05]
	msedgedriver!(No symbol) [0x7ff6241a4022]
	msedgedriver!(No symbol) [0x7ff624132767]
	msedgedriver!(No symbol) [0x7ff6241a06ae]
	msedgedriver!(No symbol) [0x7ff62419ff3c]
	msedgedriver!(No symbol) [0x7ff624112ea5]
	msedgedriver!(No symbol) [0x7ff624242519]
	msedgedriver!(No symbol) [0x7ff62423ec93]
	msedgedriver!(No symbol) [0x7ff62424f182]
	msedgedriver!GetHandleVerifier [0x7ff62442aa68+2a8c8]
	msedgedriver!GetHandleVerifier [0x7ff6244332f6+33156]
	msedgedriver!(No symbol) [0x7ff62411183c]
	msedgedriver!GetHandleVerifier [0x7ff624594368+1941c8]
	KERNEL32!BaseThreadInitThunk [0x7ffe5201e957+17]
	ntdll!RtlUserThreadStart [0x7ffe524a427c+2c]

2026-05-19 17:51:22 | ERROR    | pytest | Test failed, but screenshot capture was unavailable: Message: invalid session id; For documentation on this error, please visit: https://www.selenium.dev/documentation/webdriver/troubleshooting/errors#invalidsessionidexception
Stacktrace:
	msedgedriver!GetHandleVerifier [0x7ff62440e295+e0f5]
	msedgedriver!GetHandleVerifier [0x7ff62440e2f4+e154]
	msedgedriver!(No symbol) [0x7ff62413ac4e]
	msedgedriver!(No symbol) [0x7ff624178d05]
	msedgedriver!(No symbol) [0x7ff6241a4022]
	msedgedriver!(No symbol) [0x7ff624132767]
	msedgedriver!(No symbol) [0x7ff6241a06ae]
	msedgedriver!(No symbol) [0x7ff62419ff3c]
	msedgedriver!(No symbol) [0x7ff624112ea5]
	msedgedriver!(No symbol) [0x7ff624242519]
	msedgedriver!(No symbol) [0x7ff62423ec93]
	msedgedriver!(No symbol) [0x7ff62424f182]
	msedgedriver!GetHandleVerifier [0x7ff62442aa68+2a8c8]
	msedgedriver!GetHandleVerifier [0x7ff6244332f6+33156]
	msedgedriver!(No symbol) [0x7ff62411183c]
	msedgedriver!GetHandleVerifier [0x7ff624594368+1941c8]
	KERNEL32!BaseThreadInitThunk [0x7ffe5201e957+17]
	ntdll!RtlUserThreadStart [0x7ffe524a427c+2c]

2026-05-19 17:51:22 | ERROR    | pytest | Current URL attachment was unavailable: Message: invalid session id; For documentation on this error, please visit: https://www.selenium.dev/documentation/webdriver/troubleshooting/errors#invalidsessionidexception
Stacktrace:
	msedgedriver!GetHandleVerifier [0x7ff62440e295+e0f5]
	msedgedriver!GetHandleVerifier [0x7ff62440e2f4+e154]
	msedgedriver!(No symbol) [0x7ff62413ac4e]
	msedgedriver!(No symbol) [0x7ff624178d05]
	msedgedriver!(No symbol) [0x7ff6241a4022]
	msedgedriver!(No symbol) [0x7ff624132767]
	msedgedriver!(No symbol) [0x7ff6241a06ae]
	msedgedriver!(No symbol) [0x7ff62419ff3c]
	msedgedriver!(No symbol) [0x7ff624112ea5]
	msedgedriver!(No symbol) [0x7ff624242519]
	msedgedriver!(No symbol) [0x7ff62423ec93]
	msedgedriver!(No symbol) [0x7ff62424f182]
	msedgedriver!GetHandleVerifier [0x7ff62442aa68+2a8c8]
	msedgedriver!GetHandleVerifier [0x7ff6244332f6+33156]
	msedgedriver!(No symbol) [0x7ff62411183c]
	msedgedriver!GetHandleVerifier [0x7ff624594368+1941c8]
	KERNEL32!BaseThreadInitThunk [0x7ffe5201e957+17]
	ntdll!RtlUserThreadStart [0x7ffe524a427c+2c]

2026-05-19 17:51:22 | INFO     | pytest | Closing browser after complete test session
