2026-05-18 22:26:32 | INFO     | HomePage | Opening URL: https://www.99acres.com/
2026-05-18 22:26:36 | INFO     | HomePage | Page loaded completely: https://www.99acres.com/
2026-05-18 22:26:41 | INFO     | HomePage | Clicked available locator: ('xpath', "//button[normalize-space()='Okay' or normalize-space()='OK']")
2026-05-18 22:26:41 | INFO     | HomePage | Page loaded completely: https://www.99acres.com/
2026-05-18 22:26:42 | INFO     | HomePage | Hovered on login icon: ('xpath', "//i[contains(@class,'icon_userWhite') and contains(@class,'theader__dot')]")
2026-05-18 22:26:42 | INFO     | HomePage | Clicking element: ('xpath', "//*[contains(text(),'LOGIN / REGISTER') or contains(text(),'Login / Register') or contains(text(),'LOGIN/REGISTER') or contains(text(),'Login/Register')]")
2026-05-18 22:26:43 | INFO     | LoginPage | Entering mobile number using locator: ('xpath', "//input[@data-for='phnNumber']")
2026-05-18 22:26:49 | INFO     | LoginPage | Clicked available locator: ('xpath', "//button[normalize-space()='Continue']")
2026-05-18 22:26:53 | INFO     | LoginPage | Paused for 60 seconds so OTP can be entered manually.
2026-05-18 22:27:56 | INFO     | HomePage | Clicked available locator: ('xpath', "//*[@id='suggestions_custom']/li[@title='Mumbai']")
2026-05-18 22:27:56 | INFO     | HomePage | Clicked available locator: ('xpath', '//*[@id="searchform_search_btn"]')
2026-05-18 22:27:56 | INFO     | HomePage | Page loaded completely: https://www.99acres.com/
2026-05-18 22:28:00 | INFO     | SearchResultsPage | Clicked available locator: ('xpath', '/html/body/div[1]/div/div/div[4]/div[2]/div/div[2]/div/div[2]/div/div[1]')
2026-05-18 22:28:01 | INFO     | SearchResultsPage | Clicked available locator: ('xpath', '//*[@id="lf_budget_min_list"]/li[5]')
2026-05-18 22:28:11 | INFO     | SearchResultsPage | Requested max-budget dropdown XPath was unavailable; using visible max-budget control.
2026-05-18 22:28:12 | INFO     | SearchResultsPage | Clicked available locator: ('xpath', "//*[contains(@class, 'bdf__maxValue') and normalize-space()='No max']")
2026-05-18 22:28:12 | INFO     | SearchResultsPage | Clicked available locator: ('xpath', '//*[@id="lf_budget_max_list"]/li[11]')
2026-05-18 22:28:13 | INFO     | SearchResultsPage | Stale element while clicking ('xpath', '/html/body/div[1]/div/div/div[4]/div[2]/div/div[4]/div/div/div[2]/div[2]'). Retry 1/3.
2026-05-18 22:28:15 | INFO     | SearchResultsPage | Clicked requested filter locator: ('xpath', '/html/body/div[1]/div/div/div[4]/div[2]/div/div[4]/div/div/div[2]/div[2]')
2026-05-18 22:28:16 | INFO     | SearchResultsPage | Clicked requested filter locator: ('xpath', '//*[@id="__Owner__"]')
2026-05-18 22:28:22 | INFO     | SearchResultsPage | Bedroom filters are unavailable after property-type click; selecting Residential Apartment.
2026-05-18 22:28:22 | INFO     | SearchResultsPage | Clicked requested filter locator: ('xpath', "//*[@id='property_type' and self::div]/following-sibling::div//*[@datalabel='PROPTYPE_CLUSTER' and @id='1']")
2026-05-18 22:28:56 | INFO     | SearchResultsPage | Filter locator was unavailable or stale, trying fallback: ('xpath', '/html/body/div[1]/div/div/div[4]/div[2]/div/div[7]/div/div[2]/div/div[1]')
2026-05-18 22:28:56 | INFO     | SearchResultsPage | Clicked requested filter locator: ('xpath', "//*[@id='bedroom_num' and self::div]/following-sibling::div//*[@datalabel='BEDROOM_CLUSTER' and @id='1']")
2026-05-18 22:29:20 | INFO     | SearchResultsPage | Filter locator was unavailable or stale, trying fallback: ('xpath', '/html/body/div[1]/div/div/div[4]/div[2]/div/div[7]/div/div[2]/div/div[3]')
2026-05-18 22:29:20 | INFO     | SearchResultsPage | Clicked requested filter locator: ('xpath', "//*[@id='bedroom_num' and self::div]/following-sibling::div//*[@datalabel='BEDROOM_CLUSTER' and @id='3']")
2026-05-18 22:29:31 | INFO     | SearchResultsPage | Filter locator was unavailable or stale, trying fallback: ('xpath', '/html/body/div[1]/div/div/div[4]/div[2]/div/div[8]/div/div/div[2]/div[1]/div/label')
2026-05-18 22:29:31 | INFO     | SearchResultsPage | Clicked requested filter locator: ('xpath', "//*[@id='furnish' and self::div]")
2026-05-18 22:29:31 | INFO     | SearchResultsPage | Clicked requested filter locator: ('xpath', "//*[@id='furnish' and self::div]/following-sibling::div//*[self::div or self::label][normalize-space()][1]")
2026-05-18 22:29:41 | INFO     | SearchResultsPage | Filter locator was unavailable or stale, trying fallback: ('xpath', '/html/body/div[1]/div/div/div[4]/div[2]/div/div[11]/div/div/div[2]/div[3]')
2026-05-18 22:29:42 | INFO     | SearchResultsPage | Clicked requested filter locator: ('xpath', "//*[@id='amenities' and self::div]/following-sibling::div//*[@datalabel='AMENITIES_CLUSTER'][3]")
2026-05-18 22:29:51 | INFO     | SearchResultsPage | Filter locator was unavailable or stale, trying fallback: ('xpath', '/html/body/div[1]/div/div/div[4]/div[2]/div/div[11]/div/div/div[2]/div[2]')
2026-05-18 22:29:52 | INFO     | SearchResultsPage | Clicked requested filter locator: ('xpath', "//*[@id='amenities' and self::div]/following-sibling::div//*[@datalabel='AMENITIES_CLUSTER'][2]")
2026-05-18 22:29:53 | INFO     | HomePage | Opening URL: https://www.99acres.com/
2026-05-18 22:29:56 | INFO     | HomePage | Page loaded completely: https://www.99acres.com/
2026-05-18 22:30:00 | INFO     | HomePage | Cookie confirmation was not shown.
2026-05-18 22:30:00 | INFO     | HomePage | Hovered on login icon: ('xpath', "//i[contains(@class,'icon_userWhite') and contains(@class,'theader__dot')]")
2026-05-18 22:30:00 | INFO     | HomePage | Clicking element: ('xpath', "//*[contains(text(),'LOGIN / REGISTER') or contains(text(),'Login / Register') or contains(text(),'LOGIN/REGISTER') or contains(text(),'Login/Register')]")
2026-05-18 22:30:22 | INFO     | HomePage | Opening URL: https://www.99acres.com/
2026-05-18 22:30:24 | INFO     | HomePage | Page loaded completely: https://www.99acres.com/
2026-05-18 22:30:28 | INFO     | HomePage | Cookie confirmation was not shown.
2026-05-18 22:30:28 | INFO     | HomePage | Hovered on login icon: ('xpath', "//i[contains(@class,'icon_userWhite') and contains(@class,'theader__dot')]")
2026-05-18 22:30:28 | INFO     | HomePage | Clicking element: ('xpath', "//*[contains(text(),'LOGIN / REGISTER') or contains(text(),'Login / Register') or contains(text(),'LOGIN/REGISTER') or contains(text(),'Login/Register')]")
2026-05-18 22:30:29 | INFO     | LoginPage | Entering mobile number using locator: ('xpath', "//input[@data-for='phnNumber']")
2026-05-18 22:30:34 | INFO     | LoginPage | Clicked available locator: ('xpath', "//button[normalize-space()='Continue']")
2026-05-18 22:30:39 | INFO     | LoginPage | Paused for 60 seconds so OTP can be entered manually.
2026-05-18 22:31:39 | INFO     | HomePage | Opening URL: https://www.99acres.com/
2026-05-18 22:31:42 | INFO     | HomePage | Page loaded completely: https://www.99acres.com/
2026-05-18 22:31:46 | INFO     | HomePage | Cookie confirmation was not shown.
2026-05-18 22:31:46 | INFO     | HomePage | Opening URL: https://www.99acres.com/
2026-05-18 22:31:48 | INFO     | HomePage | Page loaded completely: https://www.99acres.com/
2026-05-18 22:31:53 | INFO     | HomePage | Cookie confirmation was not shown.
2026-05-18 22:31:54 | INFO     | HomePage | Clicked available locator: ('id', 'searchform_search_btn')
2026-05-18 22:31:54 | INFO     | HomePage | Opening URL: https://www.99acres.com/
2026-05-18 22:31:58 | INFO     | HomePage | Page loaded completely: https://www.99acres.com/
2026-05-18 22:32:02 | INFO     | HomePage | Cookie confirmation was not shown.
2026-05-18 22:32:03 | INFO     | HomePage | Clicked available locator: ('xpath', "//*[@id='suggestions_custom']/li[@title='Mumbai']")
2026-05-18 22:32:03 | INFO     | HomePage | Clicked available locator: ('xpath', '//*[@id="searchform_search_btn"]')
2026-05-18 22:32:06 | INFO     | SearchResultsPage | Clicked available locator: ('xpath', '/html/body/div[1]/div/div/div[4]/div[2]/div/div[2]/div/div[2]/div/div[1]')
2026-05-18 22:32:08 | INFO     | SearchResultsPage | Clicked available locator: ('xpath', '//*[@id="lf_budget_min_list"]/li[5]')
2026-05-18 22:32:20 | INFO     | SearchResultsPage | Requested max-budget dropdown XPath was unavailable; using visible max-budget control.
2026-05-18 22:32:20 | INFO     | SearchResultsPage | Clicked available locator: ('xpath', "//*[contains(@class, 'bdf__maxValue') and normalize-space()='No max']")
2026-05-18 22:32:21 | INFO     | SearchResultsPage | Clicked available locator: ('xpath', '//*[@id="lf_budget_max_list"]/li[11]')
2026-05-18 22:32:22 | INFO     | SearchResultsPage | Stale element while clicking ('xpath', '/html/body/div[1]/div/div/div[4]/div[2]/div/div[4]/div/div/div[2]/div[2]'). Retry 1/3.
2026-05-18 22:32:23 | INFO     | SearchResultsPage | Clicked requested filter locator: ('xpath', '/html/body/div[1]/div/div/div[4]/div[2]/div/div[4]/div/div/div[2]/div[2]')
2026-05-18 22:32:25 | INFO     | SearchResultsPage | Clicked requested filter locator: ('xpath', '//*[@id="__Owner__"]')
2026-05-18 22:32:31 | INFO     | SearchResultsPage | Bedroom filters are unavailable after property-type click; selecting Residential Apartment.
2026-05-18 22:32:31 | INFO     | SearchResultsPage | Clicked requested filter locator: ('xpath', "//*[@id='property_type' and self::div]/following-sibling::div//*[@datalabel='PROPTYPE_CLUSTER' and @id='1']")
2026-05-18 22:33:06 | INFO     | SearchResultsPage | Filter locator was unavailable or stale, trying fallback: ('xpath', '/html/body/div[1]/div/div/div[4]/div[2]/div/div[7]/div/div[2]/div/div[1]')
2026-05-18 22:33:07 | INFO     | SearchResultsPage | Clicked requested filter locator: ('xpath', "//*[@id='bedroom_num' and self::div]/following-sibling::div//*[@datalabel='BEDROOM_CLUSTER' and @id='1']")
2026-05-18 22:33:30 | INFO     | SearchResultsPage | Filter locator was unavailable or stale, trying fallback: ('xpath', '/html/body/div[1]/div/div/div[4]/div[2]/div/div[7]/div/div[2]/div/div[3]')
2026-05-18 22:33:30 | INFO     | SearchResultsPage | Clicked requested filter locator: ('xpath', "//*[@id='bedroom_num' and self::div]/following-sibling::div//*[@datalabel='BEDROOM_CLUSTER' and @id='3']")
2026-05-18 22:33:41 | INFO     | SearchResultsPage | Filter locator was unavailable or stale, trying fallback: ('xpath', '/html/body/div[1]/div/div/div[4]/div[2]/div/div[8]/div/div/div[2]/div[1]/div/label')
2026-05-18 22:33:41 | INFO     | SearchResultsPage | Clicked requested filter locator: ('xpath', "//*[@id='furnish' and self::div]")
2026-05-18 22:33:42 | INFO     | SearchResultsPage | Clicked requested filter locator: ('xpath', "//*[@id='furnish' and self::div]/following-sibling::div//*[self::div or self::label][normalize-space()][1]")
2026-05-18 22:33:51 | INFO     | SearchResultsPage | Filter locator was unavailable or stale, trying fallback: ('xpath', '/html/body/div[1]/div/div/div[4]/div[2]/div/div[11]/div/div/div[2]/div[3]')
2026-05-18 22:33:52 | INFO     | SearchResultsPage | Clicked requested filter locator: ('xpath', "//*[@id='amenities' and self::div]/following-sibling::div//*[@datalabel='AMENITIES_CLUSTER'][3]")
2026-05-18 22:34:01 | INFO     | SearchResultsPage | Filter locator was unavailable or stale, trying fallback: ('xpath', '/html/body/div[1]/div/div/div[4]/div[2]/div/div[11]/div/div/div[2]/div[2]')
2026-05-18 22:34:02 | INFO     | SearchResultsPage | Clicked requested filter locator: ('xpath', "//*[@id='amenities' and self::div]/following-sibling::div//*[@datalabel='AMENITIES_CLUSTER'][2]")
