2026-05-18 23:55:31 | INFO     | HomePage | Opening URL: https://www.99acres.com/
2026-05-18 23:55:34 | INFO     | HomePage | Page loaded completely: https://www.99acres.com/
2026-05-18 23:55:38 | INFO     | HomePage | Clicked available locator: ('xpath', "//button[normalize-space()='Okay' or normalize-space()='OK']")
2026-05-18 23:55:38 | INFO     | HomePage | Page loaded completely: https://www.99acres.com/
2026-05-18 23:55:38 | INFO     | HomePage | Commercial tab opened
2026-05-18 23:56:01 | INFO     | HomePage | Opening URL: https://www.99acres.com/
2026-05-18 23:56:04 | INFO     | HomePage | Page loaded completely: https://www.99acres.com/
2026-05-18 23:56:08 | INFO     | HomePage | Cookie confirmation was not shown.
2026-05-18 23:56:08 | INFO     | HomePage | Page loaded completely: https://www.99acres.com/
2026-05-18 23:56:09 | INFO     | HomePage | Hovered on login icon: ('xpath', "//i[contains(@class,'icon_userWhite') and contains(@class,'theader__dot')]")
2026-05-18 23:56:09 | INFO     | HomePage | Clicking element: ('xpath', "//*[contains(text(),'LOGIN / REGISTER') or contains(text(),'Login / Register') or contains(text(),'LOGIN/REGISTER') or contains(text(),'Login/Register')]")
2026-05-18 23:56:41 | INFO     | HomePage | Opening URL: https://www.99acres.com/
2026-05-18 23:56:43 | INFO     | HomePage | Page loaded completely: https://www.99acres.com/
2026-05-18 23:56:47 | INFO     | HomePage | Cookie confirmation was not shown.
2026-05-18 23:56:48 | INFO     | HomePage | Hovered on login icon: ('xpath', "//i[contains(@class,'icon_userWhite') and contains(@class,'theader__dot')]")
2026-05-18 23:56:48 | INFO     | HomePage | Clicking element: ('xpath', "//*[contains(text(),'LOGIN / REGISTER') or contains(text(),'Login / Register') or contains(text(),'LOGIN/REGISTER') or contains(text(),'Login/Register')]")
2026-05-18 23:56:48 | INFO     | HomePage | Opening URL: https://www.99acres.com/
2026-05-18 23:56:51 | INFO     | HomePage | Page loaded completely: https://www.99acres.com/
2026-05-18 23:56:55 | INFO     | HomePage | Cookie confirmation was not shown.
2026-05-18 23:56:55 | INFO     | HomePage | Hovered on login icon: ('xpath', "//i[contains(@class,'icon_userWhite') and contains(@class,'theader__dot')]")
2026-05-18 23:56:55 | INFO     | HomePage | Clicking element: ('xpath', "//*[contains(text(),'LOGIN / REGISTER') or contains(text(),'Login / Register') or contains(text(),'LOGIN/REGISTER') or contains(text(),'Login/Register')]")
2026-05-18 23:58:06 | INFO     | HomePage | Opening URL: https://www.99acres.com/
2026-05-18 23:58:09 | INFO     | HomePage | Page loaded completely: https://www.99acres.com/
2026-05-18 23:58:13 | INFO     | HomePage | Cookie confirmation was not shown.
2026-05-18 23:58:14 | INFO     | HomePage | Opening URL: https://www.99acres.com/
2026-05-18 23:58:16 | INFO     | HomePage | Page loaded completely: https://www.99acres.com/
2026-05-18 23:58:21 | INFO     | HomePage | Cookie confirmation was not shown.
2026-05-18 23:58:23 | INFO     | HomePage | Clicked available locator: ('id', 'searchform_search_btn')
2026-05-18 23:58:25 | INFO     | HomePage | Opening URL: https://www.99acres.com/
2026-05-18 23:58:27 | INFO     | HomePage | Page loaded completely: https://www.99acres.com/
2026-05-18 23:58:32 | INFO     | HomePage | Cookie confirmation was not shown.
2026-05-18 23:58:34 | INFO     | HomePage | Clicked available locator: ('xpath', "//*[@id='suggestions_custom']/li[@title='Mumbai']")
2026-05-18 23:58:34 | INFO     | HomePage | Clicked available locator: ('xpath', '//*[@id="searchform_search_btn"]')
